2026-10-03 19:14:45,842 | ERROR | Pipeline failed
Traceback (most recent call last):
  File "c:\Users\AYYAPPA\OneDrive\Desktop\VEDA_Pytyhon Programming_Task_1\etl_pipeline.py", line 79, in <module>
    main()
  File "c:\Users\AYYAPPA\OneDrive\Desktop\VEDA_Pytyhon Programming_Task_1\etl_pipeline.py", line 27, in main
    df = pd.read_csv(source)
         ^^^^^^^^^^^^^^^^^^^
  File "C:\Users\AYYAPPA\AppData\Roaming\Python\Python311\site-packages\pandas\io\parsers\readers.py", line 873, in read_csv
    return _read(filepath_or_buffer, kwds)
           ^^^^^^^^^^^^^^^^^^^^^^^^^^^^^^^
  File "C:\Users\AYYAPPA\AppData\Roaming\Python\Python311\site-packages\pandas\io\parsers\readers.py", line 300, in _read
    parser = TextFileReader(filepath_or_buffer, **kwds)
             ^^^^^^^^^^^^^^^^^^^^^^^^^^^^^^^^^^^^^^^^^^
  File "C:\Users\AYYAPPA\AppData\Roaming\Python\Python311\site-packages\pandas\io\parsers\readers.py", line 1645, in __init__
    self._engine = self._make_engine(f, self.engine)
                   ^^^^^^^^^^^^^^^^^^^^^^^^^^^^^^^^^
  File "C:\Users\AYYAPPA\AppData\Roaming\Python\Python311\site-packages\pandas\io\parsers\readers.py", line 1904, in _make_engine
    self.handles = get_handle(
                   ^^^^^^^^^^^
  File "C:\Users\AYYAPPA\AppData\Roaming\Python\Python311\site-packages\pandas\io\common.py", line 930, in get_handle
    handle = open(
             ^^^^^
FileNotFoundError: [Errno 2] No such file or directory: 'C:\\Users\\AYYAPPA\\OneDrive\\Desktop\\VEDA_Pytyhon Programming_Task_1\\input\\raw_data.csv'
2026-10-03 19:17:35,147 | INFO | EXTRACT: rows=6 columns=4
2026-10-03 19:17:35,172 | INFO | TRANSFORM: duplicates_removed=1
2026-10-03 19:17:35,172 | INFO | TRANSFORM: rows=5
2026-10-03 19:17:35,186 | INFO | VALIDATE: accepted=4 rejected=1
2026-10-03 19:17:35,186 | INFO | LOAD: final_file=final_data.csv
